     1                                  bits 32 ; assembling for the 32 bits architecture
     2                                  
     3                                  ; declare the EntryPoint (a label defining the very first instruction of the program)
     4                                  global start        
     5                                  
     6                                  ; declare external functions needed by our program
     7                                  extern exit               ; tell nasm that exit exists even if we won't be defining it
     8                                  import exit msvcrt.dll    ; exit is a function that ends the calling process. It is defined in msvcrt.dll
     9                                                            ; msvcrt.dll contains exit, printf and all the other important C-runtime specific functions
    10                                  
    11                                  ; our data is declared here (the variables needed by our program)
    12                                  segment data use32 class=data
    13                                      ; ...
    14 00000000 0A                          a db 10
    15 00000001 2C01                        b dw 300
    16 00000003 F4010000                    c dd 500
    17 00000007 9CFFFFFFFFFFFFFF            d dq -100
    18                                  
    19                                  ; our code starts here
    20                                  segment code use32 class=code
    21                                      start:
    22                                          ; ...
    23 00000000 8B1D[03000000]                  mov EBX, [c]
    24 00000006 031D[03000000]                  add EBX, [c]
    25 0000000C 031D[03000000]                  add EBX, [c] ; EBX <- (c+c+c)
    26 00000012 662B1D[01000000]                sub BX, WORD[b] ; EBX <- (c+c+c) - b
    27 00000019 A1[07000000]                    mov EAX, [d]
    28 0000001E 8B15[0B000000]                  mov EDX, [d+4] ; EDX:EAX <- d
    29 00000024 2A05[00000000]                  sub AL, BYTE[a] ; EDX:EAX <- (d-a)
    30 0000002A 01D8                            add EAX, EBX ; EDX:EAX <- (d-a) + (c+c+c) - b
    31                                      
    32                                          ; exit(0)
    33 0000002C 6A00                            push    dword 0      ; push the parameter for exit onto the stack
    34 0000002E FF15[00000000]                  call    [exit]       ; call exit to terminate the program
