     1                                  bits 32 ; assembling for the 32 bits architecture
     2                                  
     3                                  ; declare the EntryPoint (a label defining the very first instruction of the program)
     4                                  global start        
     5                                  
     6                                  ; declare external functions needed by our program
     7                                  extern exit               ; tell nasm that exit exists even if we won't be defining it
     8                                  import exit msvcrt.dll    ; exit is a function that ends the calling process. It is defined in msvcrt.dll
     9                                                            ; msvcrt.dll contains exit, printf and all the other important C-runtime specific functions
    10                                  
    11                                  ; our data is declared here (the variables needed by our program)
    12                                  segment data use32 class=data
    13                                      ; ...
    14 00000000 0A                          a db 10
    15 00000001 05                          b db 5
    16 00000002 32                          c db 50
    17 00000003 02                          d db 2
    18                                  
    19                                  ; our code starts here
    20                                  segment code use32 class=code
    21                                      start:
    22                                          ; ...
    23 00000000 A0[02000000]                    mov al, [c]
    24 00000005 8A25[03000000]                  mov ah, [d]
    25 0000000B 00E4                            add ah, ah
    26 0000000D 00E4                            add ah, ah
    27 0000000F 28E0                            sub al, ah
    28 00000011 8A1D[00000000]                  mov bl, [a]
    29 00000017 8A3D[01000000]                  mov bh, [b]
    30 0000001D 28FB                            sub bl, bh
    31 0000001F 00D8                            add al, bl
    32                                      
    33                                          ; exit(0)
    34 00000021 6A00                            push    dword 0      ; push the parameter for exit onto the stack
    35 00000023 FF15[00000000]                  call    [exit]       ; call exit to terminate the program
